
Gurobi 12.0.3 (win64) logging started Mon Mar 16 13:46:19 2026

Set parameter LogFile to value "D:\GIT\OptiPort\run\use_cases\example\results\optiport\equity_and_liquidity\benders_mixed_y\logging\run.log"
Set parameter TimeLimit to value 216000
Set parameter MIPGap to value 1
Set parameter Threads to value 8
Set parameter PreCrush to value 1

Gurobi 12.0.3 (win64) logging started Mon Mar 16 13:46:42 2026

Set parameter LogFile to value "D:\GIT\OptiPort\run\use_cases\example\results\optiport\equity_and_liquidity\benders_mixed_y\logging\run.log"
Set parameter TimeLimit to value 216000
Set parameter MIPGap to value 1
Set parameter Threads to value 8
Set parameter PreCrush to value 1

Gurobi 12.0.3 (win64) logging started Mon Mar 16 13:46:53 2026

Set parameter LogFile to value "D:\GIT\OptiPort\run\use_cases\example\results\optiport\equity_and_liquidity\benders_mixed_y\logging\run.log"
Set parameter TimeLimit to value 216000
Set parameter MIPGap to value 1
Set parameter Threads to value 8
Set parameter PreCrush to value 1

Gurobi 12.0.3 (win64) logging started Mon Mar 16 13:47:04 2026

Set parameter LogFile to value "D:\GIT\OptiPort\run\use_cases\example\results\optiport\equity_and_liquidity\benders_mixed_y\logging\run.log"
Set parameter TimeLimit to value 216000
Set parameter MIPGap to value 1
Set parameter Threads to value 8
Set parameter PreCrush to value 1

Gurobi 12.0.3 (win64) logging started Mon Mar 16 13:47:17 2026

Set parameter LogFile to value "D:\GIT\OptiPort\run\use_cases\example\results\optiport\equity_and_liquidity\benders_mixed_y\logging\run.log"
Set parameter TimeLimit to value 216000
Set parameter MIPGap to value 1
Set parameter Threads to value 8
Set parameter PreCrush to value 1

Gurobi 12.0.3 (win64) logging started Mon Mar 16 13:47:28 2026

Set parameter LogFile to value "D:\GIT\OptiPort\run\use_cases\example\results\optiport\equity_and_liquidity\benders_mixed_y\logging\run.log"
Set parameter TimeLimit to value 216000
Set parameter MIPGap to value 1
Set parameter Threads to value 8
Set parameter PreCrush to value 1

Gurobi 12.0.3 (win64) logging started Mon Mar 16 13:47:40 2026

Set parameter LogFile to value "D:\GIT\OptiPort\run\use_cases\example\results\optiport\equity_and_liquidity\benders_mixed_y\logging\run.log"
Set parameter TimeLimit to value 216000
Set parameter MIPGap to value 1
Set parameter Threads to value 8
Set parameter PreCrush to value 1

Gurobi 12.0.3 (win64) logging started Mon Mar 16 13:47:53 2026

Set parameter LogFile to value "D:\GIT\OptiPort\run\use_cases\example\results\optiport\equity_and_liquidity\benders_mixed_y\logging\run.log"
Set parameter TimeLimit to value 216000
Set parameter MIPGap to value 1
Set parameter Threads to value 8
Set parameter PreCrush to value 1

Gurobi 12.0.3 (win64) logging started Mon Mar 16 13:48:05 2026

Set parameter LogFile to value "D:\GIT\OptiPort\run\use_cases\example\results\optiport\equity_and_liquidity\benders_mixed_y\logging\run.log"
Set parameter TimeLimit to value 216000
Set parameter MIPGap to value 1
Set parameter Threads to value 8
Set parameter PreCrush to value 1

Gurobi 12.0.3 (win64) logging started Mon Mar 16 13:48:16 2026

Set parameter LogFile to value "D:\GIT\OptiPort\run\use_cases\example\results\optiport\equity_and_liquidity\benders_mixed_y\logging\run.log"
Set parameter TimeLimit to value 216000
Set parameter MIPGap to value 1
Set parameter Threads to value 8
Set parameter PreCrush to value 1

Gurobi 12.0.3 (win64) logging started Mon Mar 16 13:48:29 2026

Set parameter LogFile to value "D:\GIT\OptiPort\run\use_cases\example\results\optiport\equity_and_liquidity\benders_mixed_y\logging\run.log"
Set parameter TimeLimit to value 216000
Set parameter MIPGap to value 1
Set parameter Threads to value 8
Set parameter PreCrush to value 1

Gurobi 12.0.3 (win64) logging started Mon Mar 16 13:48:41 2026

Set parameter LogFile to value "D:\GIT\OptiPort\run\use_cases\example\results\optiport\equity_and_liquidity\benders_mixed_y\logging\run.log"
Set parameter TimeLimit to value 216000
Set parameter MIPGap to value 1
Set parameter Threads to value 8
Set parameter PreCrush to value 1

Gurobi 12.0.3 (win64) logging started Mon Mar 16 13:48:53 2026

Set parameter LogFile to value "D:\GIT\OptiPort\run\use_cases\example\results\optiport\equity_and_liquidity\benders_mixed_y\logging\run.log"
Set parameter TimeLimit to value 216000
Set parameter MIPGap to value 1
Set parameter Threads to value 8
Set parameter PreCrush to value 1

Gurobi 12.0.3 (win64) logging started Mon Mar 16 13:49:05 2026

Set parameter LogFile to value "D:\GIT\OptiPort\run\use_cases\example\results\optiport\equity_and_liquidity\benders_mixed_y\logging\run.log"
Set parameter TimeLimit to value 216000
Set parameter MIPGap to value 1
Set parameter Threads to value 8
Set parameter PreCrush to value 1

Gurobi 12.0.3 (win64) logging started Mon Mar 16 13:49:18 2026

Set parameter LogFile to value "D:\GIT\OptiPort\run\use_cases\example\results\optiport\equity_and_liquidity\benders_mixed_y\logging\run.log"
Set parameter TimeLimit to value 216000
Set parameter MIPGap to value 1
Set parameter Threads to value 8
Set parameter PreCrush to value 1

Gurobi 12.0.3 (win64) logging started Mon Mar 16 13:49:31 2026

Set parameter LogFile to value "D:\GIT\OptiPort\run\use_cases\example\results\optiport\equity_and_liquidity\benders_mixed_y\logging\run.log"
Set parameter TimeLimit to value 216000
Set parameter MIPGap to value 1
Set parameter Threads to value 8
Set parameter PreCrush to value 1

Gurobi 12.0.3 (win64) logging started Mon Mar 16 13:49:44 2026

Set parameter LogFile to value "D:\GIT\OptiPort\run\use_cases\example\results\optiport\equity_and_liquidity\benders_mixed_y\logging\run.log"
Set parameter TimeLimit to value 216000
Set parameter MIPGap to value 1
Set parameter Threads to value 8
Set parameter PreCrush to value 1

Gurobi 12.0.3 (win64) logging started Mon Mar 16 13:49:58 2026

Set parameter LogFile to value "D:\GIT\OptiPort\run\use_cases\example\results\optiport\equity_and_liquidity\benders_mixed_y\logging\run.log"
Set parameter TimeLimit to value 216000
Set parameter MIPGap to value 1
Set parameter Threads to value 8
Set parameter PreCrush to value 1

Gurobi 12.0.3 (win64) logging started Mon Mar 16 13:50:11 2026

Set parameter LogFile to value "D:\GIT\OptiPort\run\use_cases\example\results\optiport\equity_and_liquidity\benders_mixed_y\logging\run.log"
Set parameter TimeLimit to value 216000
Set parameter MIPGap to value 1
Set parameter Threads to value 8
Set parameter PreCrush to value 1

Gurobi 12.0.3 (win64) logging started Mon Mar 16 13:51:38 2026

Set parameter LogFile to value "D:\GIT\OptiPort\run\use_cases\example\results\optiport\equity_and_liquidity\benders_mixed_y\logging\run.log"
Set parameter TimeLimit to value 216000
Set parameter MIPGap to value 1
Set parameter Threads to value 8
Set parameter PreCrush to value 1

Gurobi 12.0.3 (win64) logging started Mon Mar 16 13:51:53 2026

Set parameter LogFile to value "D:\GIT\OptiPort\run\use_cases\example\results\optiport\equity_and_liquidity\benders_mixed_y\logging\run.log"
Set parameter TimeLimit to value 216000
Set parameter MIPGap to value 1
Set parameter Threads to value 8
Set parameter PreCrush to value 1

Gurobi 12.0.3 (win64) logging started Mon Mar 16 13:52:05 2026

Set parameter LogFile to value "D:\GIT\OptiPort\run\use_cases\example\results\optiport\equity_and_liquidity\benders_mixed_y\logging\run.log"
Set parameter TimeLimit to value 216000
Set parameter MIPGap to value 1
Set parameter Threads to value 8
Set parameter PreCrush to value 1

Gurobi 12.0.3 (win64) logging started Mon Mar 16 13:52:28 2026

Set parameter LogFile to value "D:\GIT\OptiPort\run\use_cases\example\results\optiport\equity_and_liquidity\benders_mixed_y\logging\run.log"
Set parameter TimeLimit to value 216000
Set parameter MIPGap to value 1
Set parameter Threads to value 8
Set parameter PreCrush to value 1

Gurobi 12.0.3 (win64) logging started Mon Mar 16 13:52:58 2026

Set parameter LogFile to value "D:\GIT\OptiPort\run\use_cases\example\results\optiport\equity_and_liquidity\benders_mixed_y\logging\run.log"
Set parameter TimeLimit to value 216000
Set parameter MIPGap to value 1
Set parameter Threads to value 8
Set parameter PreCrush to value 1

Gurobi 12.0.3 (win64) logging started Mon Mar 16 13:53:36 2026

Set parameter LogFile to value "D:\GIT\OptiPort\run\use_cases\example\results\optiport\equity_and_liquidity\benders_mixed_y\logging\run.log"
Set parameter TimeLimit to value 216000
Set parameter MIPGap to value 1
Set parameter Threads to value 8
Set parameter PreCrush to value 1

Gurobi 12.0.3 (win64) logging started Mon Mar 16 13:54:09 2026

Set parameter LogFile to value "D:\GIT\OptiPort\run\use_cases\example\results\optiport\equity_and_liquidity\benders_mixed_y\logging\run.log"
Set parameter TimeLimit to value 216000
Set parameter MIPGap to value 1
Set parameter Threads to value 8
Set parameter PreCrush to value 1

Gurobi 12.0.3 (win64) logging started Mon Mar 16 13:54:34 2026

Set parameter LogFile to value "D:\GIT\OptiPort\run\use_cases\example\results\optiport\equity_and_liquidity\benders_mixed_y\logging\run.log"
Set parameter TimeLimit to value 216000
Set parameter MIPGap to value 1
Set parameter Threads to value 8
Set parameter PreCrush to value 1

Gurobi 12.0.3 (win64) logging started Mon Mar 16 13:55:27 2026

Set parameter LogFile to value "D:\GIT\OptiPort\run\use_cases\example\results\optiport\equity_and_liquidity\benders_mixed_y\logging\run.log"
Set parameter TimeLimit to value 216000
Set parameter MIPGap to value 1
Set parameter Threads to value 8
Set parameter PreCrush to value 1

Gurobi 12.0.3 (win64) logging started Mon Mar 16 13:55:57 2026

Set parameter LogFile to value "D:\GIT\OptiPort\run\use_cases\example\results\optiport\equity_and_liquidity\benders_mixed_y\logging\run.log"
Set parameter TimeLimit to value 216000
Set parameter MIPGap to value 1
Set parameter Threads to value 8
Set parameter PreCrush to value 1

Gurobi 12.0.3 (win64) logging started Mon Mar 16 13:56:45 2026

Set parameter LogFile to value "D:\GIT\OptiPort\run\use_cases\example\results\optiport\equity_and_liquidity\benders_mixed_y\logging\run.log"
Set parameter TimeLimit to value 216000
Set parameter MIPGap to value 1
Set parameter Threads to value 8
Set parameter PreCrush to value 1

Gurobi 12.0.3 (win64) logging started Mon Mar 16 13:57:21 2026

Set parameter LogFile to value "D:\GIT\OptiPort\run\use_cases\example\results\optiport\equity_and_liquidity\benders_mixed_y\logging\run.log"
Set parameter TimeLimit to value 216000
Set parameter MIPGap to value 1
Set parameter Threads to value 8
Set parameter PreCrush to value 1

Gurobi 12.0.3 (win64) logging started Mon Mar 16 13:57:38 2026

Set parameter LogFile to value "D:\GIT\OptiPort\run\use_cases\example\results\optiport\equity_and_liquidity\benders_mixed_y\logging\run.log"
Set parameter TimeLimit to value 216000
Set parameter MIPGap to value 1
Set parameter Threads to value 8
Set parameter PreCrush to value 1

Gurobi 12.0.3 (win64) logging started Mon Mar 16 13:58:49 2026

Set parameter LogFile to value "D:\GIT\OptiPort\run\use_cases\example\results\optiport\equity_and_liquidity\benders_mixed_y\logging\run.log"
Set parameter TimeLimit to value 216000
Set parameter MIPGap to value 1
Set parameter Threads to value 8
Set parameter PreCrush to value 1

Gurobi 12.0.3 (win64) logging started Mon Mar 16 16:06:31 2026

Set parameter LogFile to value "D:\GIT\OptiPort\run\use_cases\example\results\optiport\equity_and_liquidity\benders_mixed_y\logging\run.log"
Set parameter TimeLimit to value 216000
Set parameter MIPGap to value 1
Set parameter Threads to value 8
Set parameter PreCrush to value 1

Gurobi 12.0.3 (win64) logging started Mon Mar 16 16:07:53 2026

Set parameter LogFile to value "D:\GIT\OptiPort\run\use_cases\example\results\optiport\equity_and_liquidity\benders_mixed_y\logging\run.log"
Set parameter TimeLimit to value 216000
Set parameter MIPGap to value 1
Set parameter Threads to value 8
Set parameter PreCrush to value 1

Gurobi 12.0.3 (win64) logging started Mon Mar 16 16:08:05 2026

Set parameter LogFile to value "D:\GIT\OptiPort\run\use_cases\example\results\optiport\equity_and_liquidity\benders_mixed_y\logging\run.log"
Set parameter TimeLimit to value 216000
Set parameter MIPGap to value 1
Set parameter Threads to value 8
Set parameter PreCrush to value 1

Gurobi 12.0.3 (win64) logging started Mon Mar 16 16:08:15 2026

Set parameter LogFile to value "D:\GIT\OptiPort\run\use_cases\example\results\optiport\equity_and_liquidity\benders_mixed_y\logging\run.log"
Set parameter TimeLimit to value 216000
Set parameter MIPGap to value 1
Set parameter Threads to value 8
Set parameter PreCrush to value 1

Gurobi 12.0.3 (win64) logging started Mon Mar 16 16:08:27 2026

Set parameter LogFile to value "D:\GIT\OptiPort\run\use_cases\example\results\optiport\equity_and_liquidity\benders_mixed_y\logging\run.log"
Set parameter TimeLimit to value 216000
Set parameter MIPGap to value 1
Set parameter Threads to value 8
Set parameter PreCrush to value 1

Gurobi 12.0.3 (win64) logging started Mon Mar 16 16:08:40 2026

Set parameter LogFile to value "D:\GIT\OptiPort\run\use_cases\example\results\optiport\equity_and_liquidity\benders_mixed_y\logging\run.log"
Set parameter TimeLimit to value 216000
Set parameter MIPGap to value 1
Set parameter Threads to value 8
Set parameter PreCrush to value 1

Gurobi 12.0.3 (win64) logging started Mon Mar 16 16:08:51 2026

Set parameter LogFile to value "D:\GIT\OptiPort\run\use_cases\example\results\optiport\equity_and_liquidity\benders_mixed_y\logging\run.log"
Set parameter TimeLimit to value 216000
Set parameter MIPGap to value 1
Set parameter Threads to value 8
Set parameter PreCrush to value 1

Gurobi 12.0.3 (win64) logging started Mon Mar 16 16:09:02 2026

Set parameter LogFile to value "D:\GIT\OptiPort\run\use_cases\example\results\optiport\equity_and_liquidity\benders_mixed_y\logging\run.log"
Set parameter TimeLimit to value 216000
Set parameter MIPGap to value 1
Set parameter Threads to value 8
Set parameter PreCrush to value 1

Gurobi 12.0.3 (win64) logging started Mon Mar 16 16:09:14 2026

Set parameter LogFile to value "D:\GIT\OptiPort\run\use_cases\example\results\optiport\equity_and_liquidity\benders_mixed_y\logging\run.log"
Set parameter TimeLimit to value 216000
Set parameter MIPGap to value 1
Set parameter Threads to value 8
Set parameter PreCrush to value 1

Gurobi 12.0.3 (win64) logging started Mon Mar 16 16:09:25 2026

Set parameter LogFile to value "D:\GIT\OptiPort\run\use_cases\example\results\optiport\equity_and_liquidity\benders_mixed_y\logging\run.log"
Set parameter TimeLimit to value 216000
Set parameter MIPGap to value 1
Set parameter Threads to value 8
Set parameter PreCrush to value 1

Gurobi 12.0.3 (win64) logging started Mon Mar 16 16:09:36 2026

Set parameter LogFile to value "D:\GIT\OptiPort\run\use_cases\example\results\optiport\equity_and_liquidity\benders_mixed_y\logging\run.log"
Set parameter TimeLimit to value 216000
Set parameter MIPGap to value 1
Set parameter Threads to value 8
Set parameter PreCrush to value 1

Gurobi 12.0.3 (win64) logging started Mon Mar 16 16:09:49 2026

Set parameter LogFile to value "D:\GIT\OptiPort\run\use_cases\example\results\optiport\equity_and_liquidity\benders_mixed_y\logging\run.log"
Set parameter TimeLimit to value 216000
Set parameter MIPGap to value 1
Set parameter Threads to value 8
Set parameter PreCrush to value 1

Gurobi 12.0.3 (win64) logging started Mon Mar 16 16:10:00 2026

Set parameter LogFile to value "D:\GIT\OptiPort\run\use_cases\example\results\optiport\equity_and_liquidity\benders_mixed_y\logging\run.log"
Set parameter TimeLimit to value 216000
Set parameter MIPGap to value 1
Set parameter Threads to value 8
Set parameter PreCrush to value 1

Gurobi 12.0.3 (win64) logging started Mon Mar 16 16:10:11 2026

Set parameter LogFile to value "D:\GIT\OptiPort\run\use_cases\example\results\optiport\equity_and_liquidity\benders_mixed_y\logging\run.log"
Set parameter TimeLimit to value 216000
Set parameter MIPGap to value 1
Set parameter Threads to value 8
Set parameter PreCrush to value 1

Gurobi 12.0.3 (win64) logging started Mon Mar 16 16:10:23 2026

Set parameter LogFile to value "D:\GIT\OptiPort\run\use_cases\example\results\optiport\equity_and_liquidity\benders_mixed_y\logging\run.log"
Set parameter TimeLimit to value 216000
Set parameter MIPGap to value 1
Set parameter Threads to value 8
Set parameter PreCrush to value 1

Gurobi 12.0.3 (win64) logging started Mon Mar 16 16:10:34 2026

Set parameter LogFile to value "D:\GIT\OptiPort\run\use_cases\example\results\optiport\equity_and_liquidity\benders_mixed_y\logging\run.log"
Set parameter TimeLimit to value 216000
Set parameter MIPGap to value 1
Set parameter Threads to value 8
Set parameter PreCrush to value 1

Gurobi 12.0.3 (win64) logging started Mon Mar 16 16:10:45 2026

Set parameter LogFile to value "D:\GIT\OptiPort\run\use_cases\example\results\optiport\equity_and_liquidity\benders_mixed_y\logging\run.log"
Set parameter TimeLimit to value 216000
Set parameter MIPGap to value 1
Set parameter Threads to value 8
Set parameter PreCrush to value 1

Gurobi 12.0.3 (win64) logging started Mon Mar 16 16:10:57 2026

Set parameter LogFile to value "D:\GIT\OptiPort\run\use_cases\example\results\optiport\equity_and_liquidity\benders_mixed_y\logging\run.log"
Set parameter TimeLimit to value 216000
Set parameter MIPGap to value 1
Set parameter Threads to value 8
Set parameter PreCrush to value 1

Gurobi 12.0.3 (win64) logging started Mon Mar 16 16:11:15 2026

Set parameter LogFile to value "D:\GIT\OptiPort\run\use_cases\example\results\optiport\equity_and_liquidity\benders_mixed_y\logging\run.log"
Set parameter TimeLimit to value 216000
Set parameter MIPGap to value 1
Set parameter Threads to value 8
Set parameter PreCrush to value 1

Gurobi 12.0.3 (win64) logging started Mon Mar 16 16:12:04 2026

Set parameter LogFile to value "D:\GIT\OptiPort\run\use_cases\example\results\optiport\equity_and_liquidity\benders_mixed_y\logging\run.log"
Set parameter TimeLimit to value 216000
Set parameter MIPGap to value 1
Set parameter Threads to value 8
Set parameter PreCrush to value 1

Gurobi 12.0.3 (win64) logging started Mon Mar 16 16:12:19 2026

Set parameter LogFile to value "D:\GIT\OptiPort\run\use_cases\example\results\optiport\equity_and_liquidity\benders_mixed_y\logging\run.log"
Set parameter TimeLimit to value 216000
Set parameter MIPGap to value 1
Set parameter Threads to value 8
Set parameter PreCrush to value 1

Gurobi 12.0.3 (win64) logging started Mon Mar 16 16:12:33 2026

Set parameter LogFile to value "D:\GIT\OptiPort\run\use_cases\example\results\optiport\equity_and_liquidity\benders_mixed_y\logging\run.log"
Set parameter TimeLimit to value 216000
Set parameter MIPGap to value 1
Set parameter Threads to value 8
Set parameter PreCrush to value 1

Gurobi 12.0.3 (win64) logging started Mon Mar 16 16:12:49 2026

Set parameter LogFile to value "D:\GIT\OptiPort\run\use_cases\example\results\optiport\equity_and_liquidity\benders_mixed_y\logging\run.log"
Set parameter TimeLimit to value 216000
Set parameter MIPGap to value 1
Set parameter Threads to value 8
Set parameter PreCrush to value 1

Gurobi 12.0.3 (win64) logging started Mon Mar 16 16:13:33 2026

Set parameter LogFile to value "D:\GIT\OptiPort\run\use_cases\example\results\optiport\equity_and_liquidity\benders_mixed_y\logging\run.log"
Set parameter TimeLimit to value 216000
Set parameter MIPGap to value 1
Set parameter Threads to value 8
Set parameter PreCrush to value 1

Gurobi 12.0.3 (win64) logging started Mon Mar 16 16:14:12 2026

Set parameter LogFile to value "D:\GIT\OptiPort\run\use_cases\example\results\optiport\equity_and_liquidity\benders_mixed_y\logging\run.log"
Set parameter TimeLimit to value 216000
Set parameter MIPGap to value 1
Set parameter Threads to value 8
Set parameter PreCrush to value 1

Gurobi 12.0.3 (win64) logging started Mon Mar 16 16:14:38 2026

Set parameter LogFile to value "D:\GIT\OptiPort\run\use_cases\example\results\optiport\equity_and_liquidity\benders_mixed_y\logging\run.log"
Set parameter TimeLimit to value 216000
Set parameter MIPGap to value 1
Set parameter Threads to value 8
Set parameter PreCrush to value 1

Gurobi 12.0.3 (win64) logging started Mon Mar 16 16:15:11 2026

Set parameter LogFile to value "D:\GIT\OptiPort\run\use_cases\example\results\optiport\equity_and_liquidity\benders_mixed_y\logging\run.log"
Set parameter TimeLimit to value 216000
Set parameter MIPGap to value 1
Set parameter Threads to value 8
Set parameter PreCrush to value 1

Gurobi 12.0.3 (win64) logging started Mon Mar 16 16:15:56 2026

Set parameter LogFile to value "D:\GIT\OptiPort\run\use_cases\example\results\optiport\equity_and_liquidity\benders_mixed_y\logging\run.log"
Set parameter TimeLimit to value 216000
Set parameter MIPGap to value 1
Set parameter Threads to value 8
Set parameter PreCrush to value 1

Gurobi 12.0.3 (win64) logging started Mon Mar 16 16:16:59 2026

Set parameter LogFile to value "D:\GIT\OptiPort\run\use_cases\example\results\optiport\equity_and_liquidity\benders_mixed_y\logging\run.log"
Set parameter TimeLimit to value 216000
Set parameter MIPGap to value 1
Set parameter Threads to value 8
Set parameter PreCrush to value 1

Gurobi 12.0.3 (win64) logging started Mon Mar 16 16:17:20 2026

Set parameter LogFile to value "D:\GIT\OptiPort\run\use_cases\example\results\optiport\equity_and_liquidity\benders_mixed_y\logging\run.log"
Set parameter TimeLimit to value 216000
Set parameter MIPGap to value 1
Set parameter Threads to value 8
Set parameter PreCrush to value 1

Gurobi 12.0.3 (win64) logging started Mon Mar 16 16:17:38 2026

Set parameter LogFile to value "D:\GIT\OptiPort\run\use_cases\example\results\optiport\equity_and_liquidity\benders_mixed_y\logging\run.log"
Set parameter TimeLimit to value 216000
Set parameter MIPGap to value 1
Set parameter Threads to value 8
Set parameter PreCrush to value 1

Gurobi 12.0.3 (win64) logging started Mon Mar 16 16:18:38 2026

Set parameter LogFile to value "D:\GIT\OptiPort\run\use_cases\example\results\optiport\equity_and_liquidity\benders_mixed_y\logging\run.log"
Set parameter TimeLimit to value 216000
Set parameter MIPGap to value 1
Set parameter Threads to value 8
Set parameter PreCrush to value 1

Gurobi 12.0.3 (win64) logging started Mon Mar 16 16:19:44 2026

Set parameter LogFile to value "D:\GIT\OptiPort\run\use_cases\example\results\optiport\equity_and_liquidity\benders_mixed_y\logging\run.log"
Set parameter TimeLimit to value 216000
Set parameter MIPGap to value 1
Set parameter Threads to value 8
Set parameter PreCrush to value 1

Gurobi 12.0.3 (win64) logging started Mon Mar 16 16:20:41 2026

Set parameter LogFile to value "D:\GIT\OptiPort\run\use_cases\example\results\optiport\equity_and_liquidity\benders_mixed_y\logging\run.log"
Set parameter TimeLimit to value 216000
Set parameter MIPGap to value 1
Set parameter Threads to value 8
Set parameter PreCrush to value 1

Gurobi 12.0.3 (win64) logging started Mon Mar 16 16:22:37 2026

Set parameter LogFile to value "D:\GIT\OptiPort\run\use_cases\example\results\optiport\equity_and_liquidity\benders_mixed_y\logging\run.log"
Set parameter TimeLimit to value 216000
Set parameter MIPGap to value 1
Set parameter Threads to value 8
Set parameter PreCrush to value 1

Gurobi 12.0.3 (win64) logging started Mon Mar 16 16:23:43 2026

Set parameter LogFile to value "D:\GIT\OptiPort\run\use_cases\example\results\optiport\equity_and_liquidity\benders_mixed_y\logging\run.log"
Set parameter TimeLimit to value 216000
Set parameter MIPGap to value 1
Set parameter Threads to value 8
Set parameter PreCrush to value 1
